---
source: crates/ox_content_napi/src/tests/runtime_features.rs
expression: "expected_exports.join(\"\\n\")"
---
buildCollectionManifest
buildSearchIndex
buildSearchIndexFromDirectory
buildSsgNavItems
buildSsgThemeNavItems
buildExportGraph
checkI18n
checkI18nProject
collectDocsSourceFiles
collectSearchMarkdownFiles
collectSsgMarkdownFiles
escapeSvelteMarkup
externalizeSsgAssets
extractDocsFromDirectories
extractDocsFromEntryPoints
extractFileDocEntries
extractFileDocs
extractSearchContent
extractSsgTitle
extractTranslationKeys
formatSsgTitle
generateDocsDataJson
generateDocsMarkdown
generateDocsNavCode
generateDocsNavMetadata
generateDocsNavMetadataFromDocs
generateI18nModule
generateOgImageSvg
generateSearchModule
generateSearchModuleFromOptions
generateSsgBareHtml
generateSsgHtml
getGitLastUpdated
getSearchDocumentScopes
getSsgHref
getSsgOutputPath
getSsgPageLocale
getSsgUrlPath
lintMarkdown
lintMarkdownDocuments
loadDictionaries
loadDictionariesFlat
matchesSearchScopes
mergeHighlightedCodeBlocks
normalizeVitePressFrontmatter
parse
parseAndRender
parseAndRenderAsync
parseMdastRaw
parseScopedSearchQuery
parseTransferRaw
prepareSource
prepareSourceRaw
render
renderFrameworkComponentCode
resolveSsgNavigationGroups
resolveSsgRoutePaths
searchIndex
transform
transformAsync
transformMdastRaw
transformMermaid
validateMf2
version
writeGeneratedDocs
writeSearchIndex
