---
source: crates/ox_content_docs/src/markdown/tests/helpers/assertions.rs
---
===== command.md =====
# command.ts

> 1 documented symbol. Read the signatures first, then expand each item for parameters, return types, and examples.

<div class="ox-api-stats" aria-label="API reference summary">
<span class="ox-api-stat">
  <strong>1</strong>
  <span>symbols</span>
</span>
<span class="ox-api-stat">
  <strong>1</strong>
  <span>functions</span>
</span>
</div>

## Reference

<details id="command" class="ox-api-entry">
  <summary><span class="ox-api-entry__kind">fn</span><span class="ox-api-entry__summary-main"><code class="ox-api-entry__signature ox-api-entry__signature--highlighted language-typescript">Command(): void</code><span class="ox-api-entry__description">Runs with CommandContext.</span></span></summary>
  <div class="ox-api-entry__body">
<div class="ox-api-entry__prose">
<p>Runs with <a href="./context#commandcontext">CommandContext</a>.</p>
</div>
<div class="ox-api-entry__section ox-api-entry__section--signature">
<h4>Signature</h4>
<pre><code class="language-typescript">export function Command(): void</code></pre>
</div>
  </div>
</details>

===== context.md =====
# context.ts

> 1 documented symbol. Read the signatures first, then expand each item for parameters, return types, and examples.

<div class="ox-api-stats" aria-label="API reference summary">
<span class="ox-api-stat">
  <strong>1</strong>
  <span>symbols</span>
</span>
<span class="ox-api-stat">
  <strong>1</strong>
  <span>interfaces</span>
</span>
</div>

## Reference

<details id="commandcontext" class="ox-api-entry">
  <summary><span class="ox-api-entry__kind">interface</span><span class="ox-api-entry__summary-main"><code class="ox-api-entry__signature ox-api-entry__signature--highlighted language-typescript">CommandContext(): void</code><span class="ox-api-entry__description">Command context.</span></span></summary>
  <div class="ox-api-entry__body">
<div class="ox-api-entry__prose">
<p>Command context.</p>
</div>
<div class="ox-api-entry__section ox-api-entry__section--signature">
<h4>Signature</h4>
<pre><code class="language-typescript">export function CommandContext(): void</code></pre>
</div>
  </div>
</details>

===== index.md =====
# API Documentation

Generated by [Ox Content](https://github.com/ubugeeei-prod/ox-content)

> Use search scopes like `@api transform` to limit results to the generated API reference.

<div class="ox-api-stats" aria-label="API reference summary">
<span class="ox-api-stat">
  <strong>2</strong>
  <span>modules</span>
</span>
<span class="ox-api-stat">
  <strong>2</strong>
  <span>symbols</span>
</span>
<span class="ox-api-stat">
  <strong>1</strong>
  <span>functions</span>
</span>
<span class="ox-api-stat">
  <strong>1</strong>
  <span>interfaces</span>
</span>
</div>

## Modules

<div class="ox-api-controls" data-ox-api-target=".ox-api-module" role="toolbar" aria-label="Reference display controls">
<button type="button" class="ox-api-controls__button" data-ox-api-toggle="expand">Open all</button>
<button type="button" class="ox-api-controls__button" data-ox-api-toggle="collapse">Close all</button>
</div>

<details class="ox-api-module">
  <summary>
    <span class="ox-api-module__title"><a href="./command">command</a></span>
    <span class="ox-api-module__count">1 symbol</span>
  </summary>
  <div class="ox-api-module__body">
    <ul class="ox-api-module__list">
      <li><span class="ox-api-module__kind">fn</span><div class="ox-api-module__item"><a href="./command#command" class="ox-api-module__link"><code class="ox-api-module__signature ox-api-module__signature--highlighted language-typescript">Command(): void</code></a><span class="ox-api-module__summary">Runs with CommandContext.</span></div></li>
    </ul>
  </div>
</details>

<details class="ox-api-module">
  <summary>
    <span class="ox-api-module__title"><a href="./context">context</a></span>
    <span class="ox-api-module__count">1 symbol</span>
  </summary>
  <div class="ox-api-module__body">
    <ul class="ox-api-module__list">
      <li><span class="ox-api-module__kind">interface</span><div class="ox-api-module__item"><a href="./context#commandcontext" class="ox-api-module__link"><code class="ox-api-module__signature ox-api-module__signature--highlighted language-typescript">CommandContext(): void</code></a><span class="ox-api-module__summary">Command context.</span></div></li>
    </ul>
  </div>
</details>
