---
source: crates/ox_content_docs/src/markdown/tests/helpers/assertions.rs
---
===== command.md =====
# command.ts

> 1 documented symbol. Read the signatures first, then expand each item for parameters, return types, and examples.

<div class="ox-api-stats" aria-label="API reference summary">
<span class="ox-api-stat">
  <strong>1</strong>
  <span>symbols</span>
</span>
<span class="ox-api-stat">
  <strong>1</strong>
  <span>interfaces</span>
</span>
<span class="ox-api-stat">
  <strong>2</strong>
  <span>members</span>
</span>
</div>

## Reference

<details id="command" class="ox-api-entry">
  <summary><span class="ox-api-entry__kind">interface</span><span class="ox-api-entry__summary-main"><code class="ox-api-entry__signature ox-api-entry__signature--highlighted language-typescript">Command</code><span class="ox-api-entry__description">Runtime command.</span><span class="ox-api-entry__meta"><span class="ox-api-badge">2 members</span></span></span></summary>
  <div class="ox-api-entry__body">
<div class="ox-api-entry__prose">
<p>Runtime command.</p>
</div>
<div class="ox-api-entry__section ox-api-entry__section--signature">
<h4>Signature</h4>
<pre><code class="language-typescript">export interface Command</code></pre>
</div>
<div class="ox-api-entry__section ox-api-entry__section--members">
<h4>Members</h4>
<div class="ox-api-entry__member-group">
<h5>Properties</h5>
<table class="ox-api-entry__members-table">
<thead><tr><th>Name</th><th>Type</th><th>Description</th></tr></thead>
<tbody>
<tr id="command-name">
  <td><code>name</code><span class="ox-api-badge">readonly</span></td>
  <td><code class="ox-api-entry__member-type language-typescript">string</code></td>
  <td><div class="ox-api-entry__member-description">Command name.</div></td>
</tr>
</tbody>
</table>
</div>
<div class="ox-api-entry__member-group ox-api-entry__member-group--details">
<h5>Methods</h5>
<div class="ox-api-entry__member-details">
<section id="command-run" class="ox-api-entry__member-detail">
<h5>run()</h5>
<pre><code class="language-typescript">run(ctx: Context): Promise&lt;void&gt;;</code></pre>
<div class="ox-api-entry__member-description">Runs the command.</div><div class="ox-api-entry__member-detail-section ox-api-entry__member-detail-section--params">
<h6>Parameters</h6>
<ul class="ox-api-entry__member-params"><li><code>ctx</code> Runtime context.</li></ul>
</div><div class="ox-api-entry__member-detail-section ox-api-entry__member-detail-section--returns">
<h6>Returns</h6>
<code class="ox-api-entry__return-type">Promise</code><p class="ox-api-entry__return-description">Run result.</p>
</div></section>
</div>
</div>
</div>
  </div>
</details>

===== index.md =====
# API Documentation

Generated by [Ox Content](https://github.com/ubugeeei-prod/ox-content)

> Use search scopes like `@api transform` to limit results to the generated API reference.

<div class="ox-api-stats" aria-label="API reference summary">
<span class="ox-api-stat">
  <strong>1</strong>
  <span>modules</span>
</span>
<span class="ox-api-stat">
  <strong>1</strong>
  <span>symbols</span>
</span>
<span class="ox-api-stat">
  <strong>1</strong>
  <span>interfaces</span>
</span>
<span class="ox-api-stat">
  <strong>2</strong>
  <span>members</span>
</span>
</div>

## Modules

<details class="ox-api-module">
  <summary>
    <span class="ox-api-module__title"><a href="./command.md">command</a></span>
    <span class="ox-api-module__count">1 symbol</span>
  </summary>
  <div class="ox-api-module__body">
    <ul class="ox-api-module__list">
      <li><span class="ox-api-module__kind">interface</span><div class="ox-api-module__item"><a href="./command.md#command" class="ox-api-module__link"><code class="ox-api-module__signature ox-api-module__signature--highlighted language-typescript">Command</code></a><span class="ox-api-module__summary">Runtime command.</span><span class="ox-api-module__meta"><span class="ox-api-badge">2 members</span></span></div></li>
    </ul>
  </div>
</details>
