---
source: crates/ox_content_docs/src/markdown/tests/helpers/assertions.rs
---
===== default/functions/cli.md =====
# Function: cli()

<div id="cli" class="ox-api-entry ox-api-entry--page">
<div class="ox-api-entry__prose">
<p>Run with <a href="../interfaces/CliOptions.md">CliOptions</a> and <a href="../interfaces/CliOptions.md#property-usagesilent"><code>CliOptions.usageSilent</code></a>.</p>
</div>
<div class="ox-api-entry__section ox-api-entry__section--signature">
<h4>Signature</h4>
<pre><code class="language-typescript">export function cli(options: CliOptions): void</code></pre>
</div>
</div>
===== default/index.md =====
# default

<div class="ox-api-stats" aria-label="API reference summary">
<span class="ox-api-stat">
  <strong>4</strong>
  <span>symbols</span>
</span>
<span class="ox-api-stat">
  <strong>1</strong>
  <span>functions</span>
</span>
<span class="ox-api-stat">
  <strong>1</strong>
  <span>interfaces</span>
</span>
<span class="ox-api-stat">
  <strong>1</strong>
  <span>types</span>
</span>
<span class="ox-api-stat">
  <strong>1</strong>
  <span>variables</span>
</span>
<span class="ox-api-stat">
  <strong>1</strong>
  <span>members</span>
</span>
</div>

## Functions

| Function | Description |
| ------ | ------ |
| [cli](./functions/cli.md) | Run with [CliOptions](./interfaces/CliOptions.md) and [`CliOptions.usageSilent`](./interfaces/CliOptions.md#property-usagesilent). |

## Interfaces

| Interface | Description |
| ------ | ------ |
| [CliOptions](./interfaces/CliOptions.md) | CLI options. |

## Type Aliases

| Type Alias | Description |
| ------ | ------ |
| [Plugin](./type-aliases/Plugin.md) | Plugin type. |

## Variables

| Variable | Description |
| ------ | ------ |
| [CLI_OPTIONS_DEFAULT](./variables/CLI_OPTIONS_DEFAULT.md) | Default options. |

===== default/interfaces/CliOptions.md =====
# Interface: CliOptions

<div id="clioptions" class="ox-api-entry ox-api-entry--page">
<span class="ox-api-entry__meta"><span class="ox-api-badge">1 member</span></span>
<div class="ox-api-entry__prose">
<p>CLI options.</p>
</div>
<div class="ox-api-entry__section ox-api-entry__section--signature">
<h4>Signature</h4>
<pre><code class="language-typescript">export interface CliOptions</code></pre>
</div>
<div class="ox-api-entry__section ox-api-entry__section--members">
<h4>Members</h4>
<div class="ox-api-entry__member-group">
<h5>Properties</h5>
<table class="ox-api-entry__members-table">
<thead><tr><th>Name</th><th>Type</th><th>Description</th></tr></thead>
<tbody>
<tr id="property-usagesilent">
  <td><code>usageSilent</code><span class="ox-api-badge">optional</span></td>
  <td><code class="ox-api-entry__member-type language-typescript">boolean</code></td>
  <td><div class="ox-api-entry__member-description">Suppress usage output.</div></td>
</tr>
</tbody>
</table>
</div>
</div>
</div>
===== default/type-aliases/Plugin.md =====
# Type Alias: Plugin

<div id="plugin" class="ox-api-entry ox-api-entry--page">
<div class="ox-api-entry__prose">
<p>Plugin type.</p>
</div>
<div class="ox-api-entry__section ox-api-entry__section--signature">
<h4>Signature</h4>
<pre><code class="language-typescript">export function Plugin(): void</code></pre>
</div>
</div>
===== default/variables/CLI_OPTIONS_DEFAULT.md =====
# Variable: CLI_OPTIONS_DEFAULT

<div id="cli_options_default" class="ox-api-entry ox-api-entry--page">
<div class="ox-api-entry__prose">
<p>Default options.</p>
</div>
<div class="ox-api-entry__section ox-api-entry__section--signature">
<h4>Signature</h4>
<pre><code class="language-typescript">export function CLI_OPTIONS_DEFAULT(): void</code></pre>
</div>
</div>
===== index.md =====
# API Documentation

Generated by [Ox Content](https://github.com/ubugeeei-prod/ox-content)

<div class="ox-api-stats" aria-label="API reference summary">
<span class="ox-api-stat">
  <strong>1</strong>
  <span>modules</span>
</span>
<span class="ox-api-stat">
  <strong>4</strong>
  <span>symbols</span>
</span>
<span class="ox-api-stat">
  <strong>1</strong>
  <span>functions</span>
</span>
<span class="ox-api-stat">
  <strong>1</strong>
  <span>interfaces</span>
</span>
<span class="ox-api-stat">
  <strong>1</strong>
  <span>types</span>
</span>
<span class="ox-api-stat">
  <strong>1</strong>
  <span>variables</span>
</span>
<span class="ox-api-stat">
  <strong>1</strong>
  <span>members</span>
</span>
</div>

## Modules

- [default](./default/index.md)
