---
source: crates/ox_content_docs/src/markdown/tests/helpers/assertions.rs
---
===== default/functions/pick.md =====
# Function: pick()

<div id="pick" class="ox-api-entry ox-api-entry--page">
<div class="ox-api-entry__prose">
<p>Pick.</p>
</div>
<div class="ox-api-entry__section ox-api-entry__section--call-signature">
<h4>Call Signature</h4>
<pre><code class="language-typescript">export function pick&lt;U&gt;(x: U): U</code></pre>
<div class="ox-api-entry__prose">
<p>Pick one.</p>
</div>
<div class="ox-api-entry__section ox-api-entry__section--type-parameters">
<h4>Type Parameters</h4>
<table class="ox-api-entry__type-parameters-table">
<thead><tr><th>Name</th></tr></thead>
<tbody>
<tr>
  <td><code>U</code></td>
</tr>
</tbody>
</table>
</div>
<div class="ox-api-entry__section ox-api-entry__section--params">
<h4>Parameters</h4>
<table class="ox-api-entry__params-table">
<thead><tr><th>Name</th><th>Type</th><th>Description</th></tr></thead>
<tbody>
<tr>
  <td><code>x</code></td>
  <td><code>U</code></td>
  <td></td>
</tr>
</tbody>
</table>
</div>
<div class="ox-api-entry__section ox-api-entry__section--returns">
<h4>Returns</h4>
<div class="ox-api-entry__return">
  <code class="ox-api-entry__return-type">U</code>
</div>
</div>
</div>
<div class="ox-api-entry__section ox-api-entry__section--call-signature">
<h4>Call Signature</h4>
<pre><code class="language-typescript">export function pick&lt;U&gt;(x: U, y: U): U</code></pre>
<div class="ox-api-entry__prose">
<p>Pick two.</p>
</div>
<div class="ox-api-entry__section ox-api-entry__section--type-parameters">
<h4>Type Parameters</h4>
<table class="ox-api-entry__type-parameters-table">
<thead><tr><th>Name</th></tr></thead>
<tbody>
<tr>
  <td><code>U</code></td>
</tr>
</tbody>
</table>
</div>
<div class="ox-api-entry__section ox-api-entry__section--params">
<h4>Parameters</h4>
<table class="ox-api-entry__params-table">
<thead><tr><th>Name</th><th>Type</th><th>Description</th></tr></thead>
<tbody>
<tr>
  <td><code>x</code></td>
  <td><code>U</code></td>
  <td></td>
</tr>
<tr>
  <td><code>y</code></td>
  <td><code>U</code></td>
  <td></td>
</tr>
</tbody>
</table>
</div>
<div class="ox-api-entry__section ox-api-entry__section--returns">
<h4>Returns</h4>
<div class="ox-api-entry__return">
  <code class="ox-api-entry__return-type">U</code>
</div>
</div>
</div>
</div>
===== default/index.md =====
# default

<div class="ox-api-stats" aria-label="API reference summary">
<span class="ox-api-stat">
  <strong>4</strong>
  <span>symbols</span>
</span>
<span class="ox-api-stat">
  <strong>3</strong>
  <span>functions</span>
</span>
<span class="ox-api-stat">
  <strong>1</strong>
  <span>types</span>
</span>
<span class="ox-api-stat">
  <strong>3</strong>
  <span>parameters</span>
</span>
<span class="ox-api-stat">
  <strong>2</strong>
  <span>returns</span>
</span>
</div>

## Functions

| Function | Description |
| ------ | ------ |
| [pick](./functions/pick.md) | Pick one. |

## Type Aliases

| Type Alias | Description |
| ------ | ------ |
| [U](./type-aliases/U.md) |  |

===== default/type-aliases/U.md =====
# Type Alias: U

<div id="u" class="ox-api-entry ox-api-entry--page">

</div>
===== index.md =====
# API Documentation

Generated by [Ox Content](https://github.com/ubugeeei-prod/ox-content)

<div class="ox-api-stats" aria-label="API reference summary">
<span class="ox-api-stat">
  <strong>1</strong>
  <span>modules</span>
</span>
<span class="ox-api-stat">
  <strong>4</strong>
  <span>symbols</span>
</span>
<span class="ox-api-stat">
  <strong>3</strong>
  <span>functions</span>
</span>
<span class="ox-api-stat">
  <strong>1</strong>
  <span>types</span>
</span>
<span class="ox-api-stat">
  <strong>3</strong>
  <span>parameters</span>
</span>
<span class="ox-api-stat">
  <strong>2</strong>
  <span>returns</span>
</span>
</div>

## Modules

- [default](./default/index.md)
