---
source: crates/ox_content_docs/src/markdown/tests/helpers/assertions.rs
---
===== default/classes/DefaultTranslation.md =====
# Class: DefaultTranslation

<div id="defaulttranslation" class="ox-api-entry ox-api-entry--page">
<span class="ox-api-entry__meta"><span class="ox-api-badge">1 member</span></span>
<div class="ox-api-entry__prose">
<p>Default runtime adapter.</p>
</div>
<div class="ox-api-entry__section ox-api-entry__section--heritage">
<h4>Implements</h4>
<ul class="ox-api-entry__heritage-list"><li><code><a href="../interfaces/TranslationAdapter.md">TranslationAdapter</a></code></li></ul>
</div>
<div class="ox-api-entry__section ox-api-entry__section--signature">
<h4>Signature</h4>
<pre><code class="language-typescript">class DefaultTranslation implements TranslationAdapter</code></pre>
</div>
<div class="ox-api-entry__section ox-api-entry__section--members">
<h4>Members</h4>
<div class="ox-api-entry__member-group ox-api-entry__member-group--details">
<h5>Methods</h5>
<div class="ox-api-entry__member-details">
<section id="method-getresource" class="ox-api-entry__member-detail">
<h5>getResource()</h5>
<pre><code class="language-typescript">getResource(locale: string): Record&lt;string, string&gt; | undefined;</code></pre>
<div class="ox-api-entry__member-description">Gets a locale resource.</div><div class="ox-api-entry__member-detail-section ox-api-entry__member-detail-section--params">
<h6>Parameters</h6>
<ul class="ox-api-entry__member-params"><li><code>locale</code> Locale name.</li></ul>
</div><div class="ox-api-entry__member-detail-section ox-api-entry__member-detail-section--returns">
<h6>Returns</h6>
<code class="ox-api-entry__return-type">Record&lt;string, string&gt; | undefined</code><p class="ox-api-entry__return-description">The locale resource.</p>
</div><div class="ox-api-entry__member-detail-section ox-api-entry__member-detail-section--throws">
<h6>Throws</h6>
<ul class="ox-api-entry__member-throws"><li><code class="ox-api-entry__throws-type">ResourceError</code> <span class="ox-api-entry__throws-description">When the locale resource cannot be loaded.</span></li></ul>
</div><div class="ox-api-entry__member-detail-section ox-api-entry__member-detail-section--implementation-of">
<h6>Implementation of</h6><pre><code class="language-ts">TranslationAdapter.getResource</code></pre>
</div></section>
</div>
</div>
</div>
</div>
===== default/index.md =====
# default

<div class="ox-api-stats" aria-label="API reference summary">
<span class="ox-api-stat">
  <strong>2</strong>
  <span>symbols</span>
</span>
<span class="ox-api-stat">
  <strong>1</strong>
  <span>classes</span>
</span>
<span class="ox-api-stat">
  <strong>1</strong>
  <span>interfaces</span>
</span>
<span class="ox-api-stat">
  <strong>2</strong>
  <span>members</span>
</span>
</div>

## Classes

| Class | Description |
| ------ | ------ |
| [DefaultTranslation](./classes/DefaultTranslation.md) | Default runtime adapter. |

## Interfaces

| Interface | Description |
| ------ | ------ |
| [TranslationAdapter](./interfaces/TranslationAdapter.md) | Runtime adapter. |

===== default/interfaces/TranslationAdapter.md =====
# Interface: TranslationAdapter

<div id="translationadapter" class="ox-api-entry ox-api-entry--page">
<span class="ox-api-entry__meta"><span class="ox-api-badge">1 member</span></span>
<div class="ox-api-entry__prose">
<p>Runtime adapter.</p>
</div>
<div class="ox-api-entry__section ox-api-entry__section--signature">
<h4>Signature</h4>
<pre><code class="language-typescript">export function TranslationAdapter(): void</code></pre>
</div>
<div class="ox-api-entry__section ox-api-entry__section--members">
<h4>Members</h4>
<div class="ox-api-entry__member-group ox-api-entry__member-group--details">
<h5>Methods</h5>
<div class="ox-api-entry__member-details">
<section id="method-getresource" class="ox-api-entry__member-detail">
<h5>getResource()</h5>
<pre><code class="language-typescript">getResource(locale: string): Record&lt;string, string&gt; | undefined;</code></pre>
<div class="ox-api-entry__member-description">Gets a locale resource.</div><div class="ox-api-entry__member-detail-section ox-api-entry__member-detail-section--params">
<h6>Parameters</h6>
<ul class="ox-api-entry__member-params"><li><code>locale</code> Locale name.</li></ul>
</div><div class="ox-api-entry__member-detail-section ox-api-entry__member-detail-section--returns">
<h6>Returns</h6>
<code class="ox-api-entry__return-type">Record&lt;string, string&gt; | undefined</code><p class="ox-api-entry__return-description">The locale resource.</p>
</div></section>
</div>
</div>
</div>
</div>
===== index.md =====
# API Documentation

Generated by [Ox Content](https://github.com/ubugeeei-prod/ox-content)

<div class="ox-api-stats" aria-label="API reference summary">
<span class="ox-api-stat">
  <strong>1</strong>
  <span>modules</span>
</span>
<span class="ox-api-stat">
  <strong>2</strong>
  <span>symbols</span>
</span>
<span class="ox-api-stat">
  <strong>1</strong>
  <span>classes</span>
</span>
<span class="ox-api-stat">
  <strong>1</strong>
  <span>interfaces</span>
</span>
<span class="ox-api-stat">
  <strong>2</strong>
  <span>members</span>
</span>
</div>

## Modules

- [default](./default/index.md)
