---
source: crates/ox_content_docs/src/markdown/tests/helpers/assertions.rs
---
===== default/classes/DefaultTranslation.md =====
# Class: DefaultTranslation

Default runtime adapter.

## Implements

- [`TranslationAdapter`](../interfaces/TranslationAdapter.md)

## Signature

```ts
class DefaultTranslation implements TranslationAdapter
```

## Constructors

### Constructor

```ts
new DefaultTranslation(options: TranslationAdapterFactoryOptions): DefaultTranslation;
```

Creates the adapter.

#### Parameters

| Name | Type | Description |
| --- | --- | --- |
| `options` | `TranslationAdapterFactoryOptions` | Adapter options. |

#### Returns

[`DefaultTranslation`](./DefaultTranslation.md)

## Methods

### getResource()

```ts
getResource(locale: string): Record<string, string> | undefined;
```

Gets a locale resource.

#### Parameters

| Name | Type | Description |
| --- | --- | --- |
| `locale` | `string` | Locale name. |

#### Returns

`Record<string, string> | undefined` — The locale resource.

#### Implementation of

```ts
TranslationAdapter.getResource
```
===== default/index.md =====
# default

_2 symbols · 1 classes · 1 interfaces · 3 members_

## Classes

- [DefaultTranslation](./classes/DefaultTranslation.md) - Default runtime adapter.

## Interfaces

- [TranslationAdapter](./interfaces/TranslationAdapter.md) - Runtime adapter.

===== default/interfaces/TranslationAdapter.md =====
# Interface: TranslationAdapter

Runtime adapter.

## Signature

```ts
export function TranslationAdapter(): void
```

## Methods

### getResource()

```ts
getResource(locale: string): Record<string, string> | undefined;
```

Gets a locale resource.

#### Parameters

| Name | Type | Description |
| --- | --- | --- |
| `locale` | `string` | Locale name. |

#### Returns

`Record<string, string> | undefined` — The locale resource.
===== index.md =====
# API Documentation

Generated by [Ox Content](https://github.com/ubugeeei-prod/ox-content)

_1 modules · 2 symbols · 1 classes · 1 interfaces · 3 members_

## Modules

- [default](./default/index.md)
