---
source: crates/ox_content_transform/src/media_embeds/tests.rs
expression: html
---
<article class="ox-tweet ox-tweet--rich"><a class="ox-tweet__card" href="https://x.com/jack/status/20" target="_blank" rel="noopener noreferrer"><header class="ox-tweet__header"><span class="ox-tweet__profile"><span class="ox-tweet__avatar-wrap"><img class="ox-tweet__avatar" src="https://pbs.twimg.com/profile_images/avatar.jpg" alt="" loading="lazy" decoding="async"></span><span class="ox-tweet__identity"><strong class="ox-tweet__author-name">jack</strong><span class="ox-tweet__author-handle">@jack</span></span></span><span class="ox-tweet__network">X</span></header><p class="ox-tweet__body">just setting up my twttr</p><footer class="ox-tweet__meta"><time datetime="2006-03-21T20:50:14Z">Mar 21, 2006</time><span>120 replies</span><span>520 reposts</span><span>8 quotes</span><span>2.4M likes</span><span>10M views</span><span class="ox-tweet__source">Open post</span></footer></a></article>
