---
source: crates/ox_content_transform/src/media_embeds/tests.rs
expression: html
---
<article class="ox-provider-card ox-provider-card--npm"><a class="ox-provider-card__main" href="https://www.npmjs.com/package/@vitejs/plugin-vue/v/6.0.0" target="_blank" rel="noopener noreferrer"><header class="ox-provider-card__header"><span class="ox-provider-card__network">npm</span><time class="ox-provider-card__time" datetime="2026-08-26T00:00:00Z">2026-08-26</time></header><div class="ox-provider-card__body-wrap"><div class="ox-provider-card__copy"><h3 class="ox-provider-card__title">@vitejs/plugin-vue</h3><p class="ox-provider-card__excerpt">Vue support for Vite.</p></div></div><footer class="ox-provider-card__meta"><span class="ox-provider-card__metric"><span>Version</span> 6.0.0</span><span class="ox-provider-card__metric"><span>License</span> MIT</span><span class="ox-provider-card__metric"><span>Repository</span> https://github.com/vitejs/vite-plugin-vue</span><span class="ox-provider-card__source">Open package</span></footer></a></article>
<article class="ox-provider-card ox-provider-card--crates-io"><a class="ox-provider-card__main" href="https://crates.io/crates/serde/1.0.0" target="_blank" rel="noopener noreferrer"><header class="ox-provider-card__header"><span class="ox-provider-card__network">crates.io</span></header><div class="ox-provider-card__body-wrap"><div class="ox-provider-card__copy"><h3 class="ox-provider-card__title">serde</h3><p class="ox-provider-card__excerpt">Serialization framework</p></div></div><footer class="ox-provider-card__meta"><span class="ox-provider-card__metric"><span>Version</span> 1.0.0</span><span class="ox-provider-card__metric"><span>License</span> MIT OR Apache-2.0</span><span class="ox-provider-card__metric"><span>Downloads</span> 123456</span><span class="ox-provider-card__source">Open package</span></footer></a></article>
<article class="ox-provider-card ox-provider-card--pypi"><a class="ox-provider-card__main" href="https://pypi.org/project/requests/2.32.0" target="_blank" rel="noopener noreferrer"><header class="ox-provider-card__header"><span class="ox-provider-card__network">PyPI</span></header><div class="ox-provider-card__body-wrap"><div class="ox-provider-card__copy"><h3 class="ox-provider-card__title">requests</h3><p class="ox-provider-card__excerpt">Python HTTP for Humans.</p></div></div><footer class="ox-provider-card__meta"><span class="ox-provider-card__metric"><span>Version</span> 2.32.0</span><span class="ox-provider-card__metric"><span>Repository</span> https://github.com/psf/requests</span><span class="ox-provider-card__source">Open package</span></footer></a></article>
<article class="ox-provider-card ox-provider-card--docker-hub"><a class="ox-provider-card__main" href="https://hub.docker.com/_/nginx/tags?name=mainline" target="_blank" rel="noopener noreferrer"><header class="ox-provider-card__header"><span class="ox-provider-card__network">Docker Hub</span><time class="ox-provider-card__time">2026-08-23</time></header><div class="ox-provider-card__body-wrap"><div class="ox-provider-card__copy"><h3 class="ox-provider-card__title">library/nginx</h3></div></div><footer class="ox-provider-card__meta"><span class="ox-provider-card__metric"><span>Version</span> mainline</span><span class="ox-provider-card__metric"><span>Downloads</span> 987654</span><span class="ox-provider-card__metric"><span>Stars</span> 321</span><span class="ox-provider-card__source">Open package</span></footer></a></article>
