---
source: crates/ox_content_transform/src/media_embeds/tests.rs
expression: html
---
<article class="ox-provider-card ox-provider-card--google-maps"><a class="ox-provider-card__main" href="https://www.google.com/maps/place/Tokyo+Station/" target="_blank" rel="noopener noreferrer"><header class="ox-provider-card__header"><span class="ox-provider-card__network">Google Maps</span></header><div class="ox-provider-card__body-wrap"><div class="ox-provider-card__copy"><h3 class="ox-provider-card__title">Tokyo Station</h3><p class="ox-provider-card__excerpt">1 Chome Marunouchi, Chiyoda City</p></div></div><footer class="ox-provider-card__meta"><span class="ox-provider-card__source">Open map</span></footer></a><iframe class="ox-provider-card__map" src="https://www.google.com/maps/embed?pb=!1m18" title="Tokyo Station" width="100%" height="320" loading="lazy" referrerpolicy="strict-origin-when-cross-origin" sandbox="allow-scripts allow-same-origin allow-popups"></iframe></article>
<article class="ox-provider-card ox-provider-card--qiita"><a class="ox-provider-card__main" href="https://qiita.com/ubugeeei/items/abcdef123456" target="_blank" rel="noopener noreferrer"><header class="ox-provider-card__header"><span class="ox-provider-card__network">Qiita</span><span class="ox-provider-card__author">ubugeeei</span></header><div class="ox-provider-card__body-wrap"><div class="ox-provider-card__copy"><h3 class="ox-provider-card__title">Rust docs pipeline</h3><p class="ox-provider-card__excerpt">Static cards keep builds predictable.</p></div></div><footer class="ox-provider-card__meta"><span class="ox-provider-card__metric"><span>Tags</span> Rust, Markdown</span><span class="ox-provider-card__metric"><span>Likes</span> 42</span><span class="ox-provider-card__source">Open source</span></footer></a></article>
<article class="ox-provider-card ox-provider-card--zenn"><a class="ox-provider-card__main" href="https://zenn.dev/ubugeeei/articles/ox-content" target="_blank" rel="noopener noreferrer"><header class="ox-provider-card__header"><span class="ox-provider-card__network">Zenn</span><span class="ox-provider-card__author">ubugeeei</span><time class="ox-provider-card__time" datetime="2026-08-26">2026-08-26</time></header><div class="ox-provider-card__body-wrap"><div class="ox-provider-card__copy"><h3 class="ox-provider-card__title">Ox Content notes</h3></div></div><footer class="ox-provider-card__meta"><span class="ox-provider-card__metric"><span>Likes</span> 12</span><span class="ox-provider-card__source">Open source</span></footer></a></article>
<article class="ox-provider-card ox-provider-card--discord"><a class="ox-provider-card__main" href="https://discord.gg/abc123" target="_blank" rel="noopener noreferrer"><header class="ox-provider-card__header"><span class="ox-provider-card__network">Discord</span></header><div class="ox-provider-card__body-wrap"><div class="ox-provider-card__copy"><h3 class="ox-provider-card__title">Ox Content</h3><p class="ox-provider-card__excerpt">Join the release channel.</p></div></div><footer class="ox-provider-card__meta"><span class="ox-provider-card__metric"><span>Server</span> Ox Content</span><span class="ox-provider-card__metric"><span>Channel</span> announcements</span><span class="ox-provider-card__source">Open source</span></footer></a></article>
<article class="ox-provider-card ox-provider-card--mastodon"><a class="ox-provider-card__main" href="https://mastodon.social/@docs/111" target="_blank" rel="noopener noreferrer"><header class="ox-provider-card__header"><span class="ox-provider-card__network">Mastodon</span><span class="ox-provider-card__author">@docs@mastodon.social</span></header><div class="ox-provider-card__body-wrap"><div class="ox-provider-card__copy"><h3 class="ox-provider-card__title">Mastodon post</h3><p class="ox-provider-card__excerpt">Fediverse release note.</p></div></div><footer class="ox-provider-card__meta"><span class="ox-provider-card__metric"><span>Likes</span> 8</span><span class="ox-provider-card__metric"><span>Comments</span> 3</span><span class="ox-provider-card__metric"><span>Reposts</span> 5</span><span class="ox-provider-card__metric"><span>Instance</span> mastodon.social</span><span class="ox-provider-card__source">Open source</span></footer></a></article>
<article class="ox-provider-card ox-provider-card--facebook"><a class="ox-provider-card__main" href="https://www.facebook.com/example/posts/123" target="_blank" rel="noopener noreferrer"><header class="ox-provider-card__header"><span class="ox-provider-card__network">Facebook</span><span class="ox-provider-card__author">Example</span></header><div class="ox-provider-card__body-wrap"><div class="ox-provider-card__copy"><h3 class="ox-provider-card__title">Launch note</h3></div></div><footer class="ox-provider-card__meta"><span class="ox-provider-card__source">Open source</span></footer></a></article>
<article class="ox-provider-card ox-provider-card--threads"><a class="ox-provider-card__main" href="https://www.threads.net/@example/post/abc" target="_blank" rel="noopener noreferrer"><header class="ox-provider-card__header"><span class="ox-provider-card__network">Threads</span><span class="ox-provider-card__author">@example</span></header><div class="ox-provider-card__body-wrap"><div class="ox-provider-card__copy"><h3 class="ox-provider-card__title">Threads post</h3><p class="ox-provider-card__excerpt">Thread copy.</p></div></div><footer class="ox-provider-card__meta"><span class="ox-provider-card__source">Open source</span></footer></a></article>
<article class="ox-provider-card ox-provider-card--instagram"><a class="ox-provider-card__main" href="https://www.instagram.com/p/abc123/" target="_blank" rel="noopener noreferrer"><header class="ox-provider-card__header"><span class="ox-provider-card__network">Instagram</span><span class="ox-provider-card__author">@example</span></header><div class="ox-provider-card__body-wrap"><div class="ox-provider-card__copy"><h3 class="ox-provider-card__title">Instagram post</h3><p class="ox-provider-card__excerpt">Caption text.</p></div></div><img class="ox-provider-card__image" src="https://cdn.example.com/photo.jpg" alt="" loading="lazy" decoding="async"><footer class="ox-provider-card__meta"><span class="ox-provider-card__source">Open source</span></footer></a></article>
