---
source: crates/ox_content_transform/src/media_embeds/tests.rs
expression: html
---
<article class="ox-provider-card ox-provider-card--codepen"><a class="ox-provider-card__main" href="https://codepen.io/ubugeeei/pen/abc123" target="_blank" rel="noopener noreferrer"><header class="ox-provider-card__header"><span class="ox-provider-card__network">CodePen</span><span class="ox-provider-card__author">ubugeeei</span></header><div class="ox-provider-card__body-wrap"><div class="ox-provider-card__copy"><h3 class="ox-provider-card__title">Card demo</h3><p class="ox-provider-card__excerpt">Static preview.</p></div></div><img class="ox-provider-card__image" src="https://shots.codepen.io/card.png" alt="" loading="lazy" decoding="async"><footer class="ox-provider-card__meta"><span class="ox-provider-card__source">Open playground</span></footer></a></article>
<article class="ox-provider-card ox-provider-card--jsfiddle"><a class="ox-provider-card__main" href="https://jsfiddle.net/ubugeeei/abc123/2/" target="_blank" rel="noopener noreferrer"><header class="ox-provider-card__header"><span class="ox-provider-card__network">JSFiddle</span><span class="ox-provider-card__author">ubugeeei</span></header><div class="ox-provider-card__body-wrap"><div class="ox-provider-card__copy"><h3 class="ox-provider-card__title">Fiddle demo</h3></div></div><footer class="ox-provider-card__meta"><span class="ox-provider-card__source">Open playground</span></footer></a><iframe class="ox-provider-card__map" src="https://jsfiddle.net/ubugeeei/abc123/2/embedded/result/" title="Fiddle demo" width="100%" height="320" loading="lazy" referrerpolicy="strict-origin-when-cross-origin" sandbox="allow-scripts allow-same-origin allow-popups"></iframe></article>
<article class="ox-provider-card ox-provider-card--observable"><a class="ox-provider-card__main" href="https://observablehq.com/@d3/bar-chart" target="_blank" rel="noopener noreferrer"><header class="ox-provider-card__header"><span class="ox-provider-card__network">Observable</span><span class="ox-provider-card__author">@d3</span></header><div class="ox-provider-card__body-wrap"><div class="ox-provider-card__copy"><h3 class="ox-provider-card__title">bar chart</h3></div></div><footer class="ox-provider-card__meta"><span class="ox-provider-card__metric"><span>Runtime</span> Observable Runtime</span><span class="ox-provider-card__source">Open playground</span></footer></a></article>
