---
source: crates/ox_content_renderer/src/html/tests/code.rs
expression: html
---
<pre class="ox-code-block ox-code-block--annotated ox-code-block--line-numbers line-numbers-mode ox-code-block--with-title has-highlighted" data-code-title="config.ts" data-line-numbers="true" data-line-number-start="2"><code class="language-ts"><span class="line ox-code-line ox-code-line--highlight highlighted" data-line="1" data-line-number="2">const first = true;</span>
<span class="line ox-code-line" data-line="2" data-line-number="3">const second = false;</span>
<span class="line ox-code-line ox-code-line--highlight highlighted" data-line="3" data-line-number="4">const third = true;</span>
<span class="line ox-code-line" data-line="4" data-line-number="5"></span></code></pre>
