---
source: crates/ox_content_renderer/src/html/tests/code.rs
expression: html
---
<pre class="ox-code-block ox-code-block--annotated has-highlighted"><code class="language-ts"><span class="line ox-code-line" data-line="1">const ok = true;</span>
<span class="line ox-code-line ox-code-line--warning highlighted warning" data-line="2">const maybe = false;</span>
<span class="line ox-code-line" data-line="3"></span></code></pre>
