---
source: crates/ox_content_parser/tests/snapshot_parse.rs
description: "- tight a\n- tight b\n\n- loose a\n\n- loose b\n"
---
Document [0..42]
  List ordered=false start=- spread=true [0..42]
    ListItem spread=false checked=- [0..10]
      Paragraph [2..10]
        Text "tight a" [2..9]
    ListItem spread=false checked=- [10..20]
      Paragraph [12..20]
        Text "tight b" [12..19]
    ListItem spread=false checked=- [21..31]
      Paragraph [23..31]
        Text "loose a" [23..30]
    ListItem spread=false checked=- [32..42]
      Paragraph [34..42]
        Text "loose b" [34..41]
