---
source: crates/ox_content_parser/tests/snapshot_parse.rs
description: "import { Callout, Badge } from './ui'\nexport const meta = { title: 'MDX' }\n\n# MDX Surface\n\nHello <Badge tone=\"info\">{status.label}</Badge> world.\n\n<Callout title=\"Install\" count={steps.length} {...calloutProps}>\n\n1. Install the CLI\n2. Run **build**\n\n```sh\nnpm i -g ox-content\n```\n\n</Callout>\n"
---
Document [0..292]
  MdxjsEsm value="import { Callout, Badge } from './ui'" [0..38]
  MdxjsEsm value="export const meta = { title: 'MDX' }" [38..75]
  Heading depth=1 [76..90]
    Text "MDX Surface" [78..89]
  Paragraph [91..146]
    Text "Hello " [91..97]
    MdxJsxTextElement name=Some("Badge") self_closing=false [97..138]
      Attr name="tone" value=literal("info") [104..115]
      MdxTextExpression value="status.label" [116..130]
    Text " world." [138..145]
  MdxJsxFlowElement name=Some("Callout") self_closing=false [147..292]
    Attr name="title" value=literal("Install") [156..171]
    Attr name="count" value=expression("steps.length") [172..192]
    AttrExpr value="...calloutProps" [193..210]
    List ordered=true start=1 spread=false [213..249]
      ListItem spread=false checked=- [213..232]
        Paragraph [216..232]
          Text "Install the CLI" [216..231]
      ListItem spread=false checked=- [232..249]
        Paragraph [235..249]
          Text "Run " [235..239]
          Strong [239..248]
            Text "build" [241..246]
    CodeBlock lang=Some("sh") meta=None value="npm i -g ox-content\n" [250..280]
