---
source: crates/ox_content_parser/tests/snapshot_parse.rs
assertion_line: 32
description: "- [x] done\n- [ ] todo\n"
---
Document [0..22]
  List ordered=false start=- spread=false [0..22]
    ListItem spread=false checked=- [0..11]
      Paragraph [2..11]
        Text "[" [2..3]
        Text "x] done" [3..10]
    ListItem spread=false checked=- [11..22]
      Paragraph [13..22]
        Text "[" [13..14]
        Text " ] todo" [14..21]
