---
source: crates/ox_content_parser/tests/snapshot_parse.rs
description: "- * -\n"
---
Document [0..6]
  List ordered=false start=- spread=false [0..6]
    ListItem spread=false checked=- [0..6]
      List ordered=false start=- spread=false [2..6]
        ListItem spread=false checked=- [2..6]
          List ordered=false start=- spread=false [4..6]
            ListItem spread=false checked=- [4..6]
