// Vitest Snapshot v1, https://vitest.dev/guide/snapshot.html

exports[`framework Markdown utilities > escapes raw HTML literals without breaking component scripts 1`] = `
{
  "react": "import { createElement } from 'react';

const rawHtml = "\\x3C/script>\\x3Cp title=\\"line\\nnext\\">{ ok }\\x3C/p>";

export default function MarkdownContent() {
  return createElement('div', {
    className: 'ox-content',
    dangerouslySetInnerHTML: { __html: rawHtml },
  });
}
",
  "svelte": "<script>
  const rawHtml = "\\x3C/script>\\x3Cp title=\\"line\\nnext\\">{ ok }\\x3C/p>";
</script>

<div class="ox-content">
  {@html rawHtml}
</div>
",
  "vue": "import { defineComponent, h } from 'vue';

const rawHtml = "\\x3C/script>\\x3Cp title=\\"line\\nnext\\">{ ok }\\x3C/p>";

export default defineComponent({
  name: 'MarkdownContent',
  setup() {
    return () => h('div', { class: 'ox-content', innerHTML: rawHtml });
  },
});
",
}
`;

exports[`framework Markdown utilities > renders React VDOM code with React-compatible attributes 1`] = `"createElement('div', { className: 'ox-content' }, createElement("section", { "className": "lead", "htmlFor": "name", "data-id": "42", "aria-label": "Intro" }, createElement("p", { "style": { "fontWeight": "bold", "--brand": "red" } }, "Hello ", createElement("strong", null, "world"))))"`;

exports[`framework Markdown utilities > renders Svelte component code without innerHTML 1`] = `
"<div class="ox-content">
<p>&#123;count&#125;</p>
</div>
"
`;

exports[`framework Markdown utilities > renders Vue VDOM code with Vue-compatible attributes 1`] = `"h('div', { class: 'ox-content' }, h("label", { "class": "field", "for": "name" }, [h("span", null, "Name"), h("input", { "disabled": true, "type": "text" })]))"`;

exports[`framework Markdown utilities > renders framework component and render-function modules 1`] = `
{
  "reactComponent": "import { createElement } from 'react';

export default function MarkdownContent() {
  return createElement('div', { className: 'ox-content' }, createElement("p", null, "Hello"));
}
",
  "vueComponent": "import { defineComponent, h } from 'vue';

export default defineComponent({
  name: 'MarkdownContent',
  setup() {
    return () => h('div', { class: 'ox-content' }, h("p", null, "Hello"));
  },
});
",
  "vueRenderFunction": "import { h } from 'vue';

export function renderMarkdownContent() {
  return h('div', { class: 'ox-content' }, h("p", null, "Hello"));
}
",
}
`;

exports[`framework Markdown utilities > renders framework component islands for native React and Vue targets 1`] = `
{
  "reactCode": "createElement('div', { className: 'ox-content' }, createElement("p", null, "Before"), createElement(Alert, { "active": true, "tone": "info" }, "Read docs"))",
  "vueCode": "h('div', { class: 'ox-content' }, [h("p", null, "Before"), h(Alert, { "active": true, "tone": "info" }, "Read docs")])",
}
`;
