// Vitest Snapshot v1, https://vitest.dev/guide/snapshot.html

exports[`incremental markdown > can return provisional parser ast for partial inline markup 1`] = `
{
  "children": [
    {
      "children": [
        {
          "type": "text",
          "value": "This is ",
        },
        {
          "children": [
            {
              "type": "text",
              "value": "bo",
            },
          ],
          "type": "strong",
        },
      ],
      "type": "paragraph",
    },
  ],
  "type": "root",
}
`;
