// Vitest Snapshot v1, https://vitest.dev/guide/snapshot.html

exports[`buildSearchIndex > builds the index from Markdown files through the native binding 1`] = `
{
  "avg_dl": 4,
  "df": {
    "body": 1,
    "heading": 1,
    "ignored": 1,
    "native": 1,
    "phrase": 1,
    "search": 1,
    "searchable": 1,
    "text": 1,
  },
  "doc_count": 1,
  "documents": [
    {
      "body": "Body text with a searchable phrase.",
      "code": [],
      "headings": [
        "Ignored heading",
      ],
      "id": "guide/intro",
      "title": "Native Search",
      "url": "/docs/guide/intro",
    },
  ],
  "index": {
    "body": [
      {
        "doc_idx": 0,
        "field": "Body",
        "tf": 1,
      },
    ],
    "heading": [
      {
        "doc_idx": 0,
        "field": "Heading",
        "tf": 1,
      },
    ],
    "ignored": [
      {
        "doc_idx": 0,
        "field": "Heading",
        "tf": 1,
      },
    ],
    "native": [
      {
        "doc_idx": 0,
        "field": "Title",
        "tf": 1,
      },
    ],
    "phrase": [
      {
        "doc_idx": 0,
        "field": "Body",
        "tf": 1,
      },
    ],
    "search": [
      {
        "doc_idx": 0,
        "field": "Title",
        "tf": 1,
      },
    ],
    "searchable": [
      {
        "doc_idx": 0,
        "field": "Body",
        "tf": 1,
      },
    ],
    "text": [
      {
        "doc_idx": 0,
        "field": "Body",
        "tf": 1,
      },
    ],
  },
}
`;

exports[`generateSearchModule > generates the client runtime through the native binding 1`] = `
"function normalizeQueryValue(value) {
  return String(value || "")
    .trim()
    .toLowerCase();
}

function normalizeFilterValue(value) {
  return normalizeQueryValue(value).replace(/^\\/+|\\/+$/g, "");
}

function pushUnique(values, value) {
  if (value && !values.includes(value)) values.push(value);
}

function parseSearchParts(query) {
  const parts = [];
  let current = "";
  let quoted = false;
  let escaping = false;

  const push = (isQuoted) => {
    const value = current.trim();
    if (value) parts.push({ value, quoted: isQuoted });
    current = "";
  };

  for (const char of String(query || "")) {
    if (quoted) {
      if (escaping) {
        current += char;
        escaping = false;
      } else if (char === "\\\\") {
        escaping = true;
      } else if (char === '"') {
        push(true);
        quoted = false;
      } else {
        current += char;
      }
      continue;
    }

    if (char === '"') {
      push(false);
      quoted = true;
    } else if (/\\s/.test(char)) {
      push(false);
    } else {
      current += char;
    }
  }

  if (escaping) current += "\\\\";
  push(quoted);
  return parts;
}

function normalizeFilterName(name) {
  const normalized = normalizeQueryValue(name).replace(/_/g, "-");
  if (!/^[a-z0-9-]+$/.test(normalized)) return "";
  switch (normalized) {
    case "lang":
    case "language":
    case "locale":
      return "locale";
    case "v":
    case "version":
      return "version";
    case "section":
    case "scope":
      return "scope";
    default:
      return normalized;
  }
}

function parseQueryFilter(value) {
  const colon = value.indexOf(":");
  if (colon <= 0) return null;
  const name = normalizeFilterName(value.slice(0, colon));
  const filterValue = normalizeFilterValue(value.slice(colon + 1));
  return name && filterValue ? { name, value: filterValue } : null;
}

export function parseSearchQuery(query) {
  const scopes = [];
  const terms = [];
  const phrases = [];
  const prefixes = [];
  const filters = [];
  const textParts = [];
  const raw = String(query || "");

  for (const part of parseSearchParts(raw)) {
    if (part.quoted) {
      const phrase = normalizeQueryValue(part.value);
      if (phrase) {
        pushUnique(phrases, phrase);
        textParts.push(part.value);
      }
      continue;
    }

    if (part.value.startsWith("@") && part.value.length > 1) {
      pushUnique(scopes, normalizeFilterValue(part.value.slice(1)));
      continue;
    }

    const filter = parseQueryFilter(part.value);
    if (filter) {
      if (filter.name === "scope") pushUnique(scopes, filter.value);
      if (!filters.some((item) => item.name === filter.name && item.value === filter.value)) {
        filters.push(filter);
      }
      continue;
    }

    if (part.value.endsWith("*")) {
      const prefix = normalizeQueryValue(part.value.slice(0, -1));
      if (prefix) {
        pushUnique(prefixes, prefix);
        textParts.push(part.value.slice(0, -1));
      }
      continue;
    }

    const term = normalizeQueryValue(part.value);
    if (term) {
      pushUnique(terms, term);
      textParts.push(part.value);
    }
  }

  return {
    raw,
    text: textParts.join(" ").trim(),
    terms,
    phrases,
    prefixes,
    filters,
    scopes,
  };
}

function queryFilterValue(parsedQuery, names) {
  if (!parsedQuery) return "";
  const match = parsedQuery.filters.find((filter) => names.includes(filter.name));
  return match ? match.value : "";
}

function queryRefinements(parsedQuery) {
  const refinements = [];
  for (const scope of parsedQuery.scopes) {
    refinements.push({ kind: "scope", label: "@" + scope, value: scope });
  }
  for (const filter of parsedQuery.filters) {
    refinements.push({
      kind: "filter",
      name: filter.name,
      label: filter.name + ":" + filter.value,
      value: filter.value,
    });
  }
  for (const phrase of parsedQuery.phrases) {
    refinements.push({ kind: "phrase", label: '"' + phrase + '"', value: phrase });
  }
  for (const prefix of parsedQuery.prefixes) {
    refinements.push({ kind: "prefix", label: prefix + "*", value: prefix });
  }
  return refinements;
}
function getScopesForDoc(doc) {
  const source = (doc.id || doc.url || "").replace(/^\\/+/, "").toLowerCase();
  const segments = source.split("/").filter(Boolean);

  if (segments.length <= 1) {
    return [];
  }

  const scopes = [];
  let current = "";
  for (const segment of segments.slice(0, -1)) {
    current = current ? current + "/" + segment : segment;
    scopes.push(current);
  }

  return scopes;
}

function matchesScopes(doc, scopes) {
  if (!scopes.length) {
    return true;
  }

  const docScopes = doc.__oxScopes || (doc.__oxScopes = new Set(getScopesForDoc(doc)));
  return scopes.some((scope) => docScopes.has(scope));
}

function firstPathSegment(path) {
  let start = 0;
  while (path.charCodeAt(start) === 47) start++;
  if (start >= path.length) return "";
  const slash = path.indexOf("/", start);
  return (slash === -1 ? path.slice(start) : path.slice(start, slash)).toLowerCase();
}

function normalizeLocaleFilter(options, defaults, parsedQuery) {
  const locale = (queryFilterValue(parsedQuery, ["locale"]) || options.locale || "").toLowerCase();
  if (!locale) return null;

  const localeCodes = new Set();
  const codes = options.localeCodes || defaults.localeCodes || [];
  for (let i = 0; i < codes.length; i++) {
    if (codes[i]) localeCodes.add(codes[i].toLowerCase());
  }
  if (localeCodes.size === 0) localeCodes.add(locale);

  const rawPrefixes = options.versionPrefixes || defaults.versionPrefixes || [];
  const prefixes = [];
  for (let i = 0; i < rawPrefixes.length; i++) {
    const prefix = (rawPrefixes[i] || "").replace(/^\\/+|\\/+$/g, "").toLowerCase();
    if (prefix) prefixes.push(prefix);
  }
  const activeVersion = normalizeFilterValue(
    queryFilterValue(parsedQuery, ["version"]) || options.version || "",
  );
  if (activeVersion && !prefixes.includes(activeVersion)) prefixes.push(activeVersion);
  if (prefixes.length > 1) prefixes.sort((left, right) => right.length - left.length);

  return {
    locale,
    localeCodes,
    defaultLocale: (options.defaultLocale || defaults.defaultLocale || "en").toLowerCase(),
    prefixes,
    cacheKey: locale + "\\0" + prefixes.join("/"),
  };
}

function localeForDoc(doc, filter) {
  if (doc.__oxLocaleKey === filter.cacheKey) return doc.__oxLocale;

  let source = (doc.id || doc.url || "").replace(/^\\/+/, "").toLowerCase();
  for (let i = 0; i < filter.prefixes.length; i++) {
    const prefix = filter.prefixes[i];
    if (source === prefix) {
      source = "";
      break;
    }
    if (source.startsWith(prefix) && source.charCodeAt(prefix.length) === 47) {
      source = source.slice(prefix.length + 1);
      break;
    }
  }

  const first = firstPathSegment(source);
  const locale = first && filter.localeCodes.has(first) ? first : filter.defaultLocale;
  doc.__oxLocaleKey = filter.cacheKey;
  doc.__oxLocale = locale;
  return locale;
}

function matchesLocale(doc, filter) {
  return !filter || localeForDoc(doc, filter) === filter.locale;
}

function normalizeVersionFilter(options, defaults, parsedQuery) {
  const version = normalizeFilterValue(
    queryFilterValue(parsedQuery, ["version"]) || options.version || "",
  );
  if (!version) return null;

  const rawPrefixes = options.versionPrefixes || defaults.versionPrefixes || [];
  const prefixes = [];
  for (let i = 0; i < rawPrefixes.length; i++) {
    const prefix = normalizeFilterValue(rawPrefixes[i]);
    if (prefix) prefixes.push(prefix);
  }
  if (prefixes.length > 1) prefixes.sort((left, right) => right.length - left.length);

  return { version, prefixes, cacheKey: version + "\\0" + prefixes.join("/") };
}

function versionForDoc(doc, filter) {
  if (doc.__oxVersionKey === filter.cacheKey) return doc.__oxVersion;

  const source = (doc.id || doc.url || "").replace(/^\\/+/, "").toLowerCase();
  for (let i = 0; i < filter.prefixes.length; i++) {
    const prefix = filter.prefixes[i];
    if (
      source === prefix ||
      (source.startsWith(prefix) && source.charCodeAt(prefix.length) === 47)
    ) {
      const parts = prefix.split("/");
      const version = parts[parts.length - 1] || prefix;
      doc.__oxVersionKey = filter.cacheKey;
      doc.__oxVersion = version;
      return version;
    }
  }

  const first = firstPathSegment(source);
  const version = first === filter.version ? first : "";
  doc.__oxVersionKey = filter.cacheKey;
  doc.__oxVersion = version;
  return version;
}

function matchesVersion(doc, filter) {
  return !filter || versionForDoc(doc, filter) === filter.version;
}

function matchesSearchConstraints(doc, parsedQuery, localeFilter, versionFilter) {
  return (
    matchesLocale(doc, localeFilter) &&
    matchesVersion(doc, versionFilter) &&
    matchesScopes(doc, parsedQuery.scopes)
  );
}

function getFieldLabel(field) {
  switch (field) {
    case "Title":
      return "title";
    case "Heading":
      return "heading";
    case "Body":
      return "body";
    case "Code":
      return "code";
    default:
      return "body";
  }
}

function fieldOrder(field) {
  switch (field) {
    case "title":
      return 0;
    case "heading":
      return 1;
    case "body":
      return 2;
    case "code":
      return 3;
    default:
      return 4;
  }
}

function containsPhrase(value, phrase) {
  return String(value || "")
    .toLowerCase()
    .includes(phrase);
}

function phraseFieldsForDoc(doc, phrase) {
  const fields = [];
  if (containsPhrase(doc.title, phrase)) fields.push("Title");
  if ((doc.headings || []).some((heading) => containsPhrase(heading, phrase))) {
    fields.push("Heading");
  }
  if (containsPhrase(doc.body, phrase)) fields.push("Body");
  if ((doc.code || []).some((code) => containsPhrase(code, phrase))) fields.push("Code");
  return fields;
}

function addCandidateMatch(entry, term, field, kind) {
  entry.matches.add(term);
  entry.fields.add(getFieldLabel(field));
  entry.reasons.add(getFieldLabel(field) + " " + kind + " match: " + term);
}

function addPhraseScore(index, docScores, parsedQuery, localeFilter, versionFilter, phrase) {
  for (let docIdx = 0; docIdx < index.documents.length; docIdx++) {
    const doc = index.documents[docIdx];
    if (!doc || !matchesSearchConstraints(doc, parsedQuery, localeFilter, versionFilter)) continue;

    const fields = phraseFieldsForDoc(doc, phrase);
    if (!fields.length) continue;

    let entry = docScores.get(docIdx);
    if (entry === undefined) {
      entry = { score: 0, matches: new Set(), fields: new Set(), reasons: new Set() };
      docScores.set(docIdx, entry);
    }

    for (const field of fields) {
      entry.score += getFieldBoost(field) * 3.0;
      entry.matches.add(phrase);
      entry.fields.add(getFieldLabel(field));
      entry.reasons.add(getFieldLabel(field) + " phrase match: " + phrase);
    }
  }
}

function matchingSection(doc, matches) {
  const headings = doc.headings || [];
  for (const heading of headings) {
    if (matches.some((term) => containsPhrase(heading, term))) return heading;
  }
  return headings[0] || "";
}

function resultMetadata(doc, parsedQuery, localeFilter, versionFilter, matches) {
  const metadata = {
    scopes: getScopesForDoc(doc),
    section: matchingSection(doc, matches),
    filters: parsedQuery.filters,
  };
  if (localeFilter) metadata.locale = localeForDoc(doc, localeFilter);
  if (versionFilter) metadata.version = versionForDoc(doc, versionFilter);
  return metadata;
}

function resultRanking(score, data, parsedQuery) {
  const fields = Array.from(data.fields).sort(
    (left, right) => fieldOrder(left) - fieldOrder(right),
  );
  const reasons = Array.from(data.reasons);
  for (const scope of parsedQuery.scopes) reasons.push("scope filter: " + scope);
  for (const filter of parsedQuery.filters) reasons.push(filter.name + " filter: " + filter.value);
  reasons.sort();
  return {
    score,
    fields: [...new Set(fields)],
    reasons: [...new Set(reasons)],
  };
}

function resultAriaLabel(result) {
  const parts = [result.title || "Untitled search result"];
  if (result.metadata?.section) parts.push("section " + result.metadata.section);
  if (result.metadata?.locale) parts.push("language " + result.metadata.locale);
  if (result.metadata?.version) parts.push("version " + result.metadata.version);
  if (result.ranking?.reasons?.length) {
    parts.push(result.ranking.reasons.length + " ranking reasons");
  }
  return parts.join(", ");
}

function stableResultId(result, index) {
  const seed = String(result.id || result.url || index || "result")
    .toLowerCase()
    .replace(/[^a-z0-9_-]+/g, "-")
    .replace(/^-+|-+$/g, "");
  return "ox-search-result-" + (seed || index);
}

export function formatSearchResultForCard(result, index = 0) {
  const metadata = result.metadata || { scopes: result.scopes || [], section: "" };
  const ranking = result.ranking || {
    score: Number(result.score || 0),
    fields: [],
    reasons: [],
  };
  const card = {
    id: stableResultId(result, index),
    role: "option",
    title: String(result.title || ""),
    url: String(result.url || ""),
    snippet: String(result.snippet || ""),
    metadata,
    ranking,
    badges: [
      metadata.section && { kind: "section", label: metadata.section },
      metadata.locale && { kind: "locale", label: metadata.locale },
      metadata.version && { kind: "version", label: metadata.version },
      ...(metadata.scopes || [])
        .slice(0, 1)
        .map((scope) => ({ kind: "scope", label: "@" + scope })),
    ].filter(Boolean),
  };
  card.ariaLabel =
    result.ariaLabel || result.aria_label || resultAriaLabel({ ...result, metadata, ranking });
  return card;
}

export function createSearchUiState(query, results = [], options = {}) {
  const parsedQuery = parseSearchQuery(query);
  const cards = results.map((result, index) => formatSearchResultForCard(result, index));
  const isComposing = Boolean(options.isComposing || options.composing);
  const isLoading = Boolean(options.loading);
  const active = Boolean(
    parsedQuery.text ||
      parsedQuery.scopes.length ||
      parsedQuery.filters.length ||
      parsedQuery.prefixes.length ||
      parsedQuery.phrases.length,
  );
  const status = isComposing
    ? "composing"
    : !active
      ? "empty"
      : isLoading
        ? "loading"
        : cards.length
          ? "results"
          : "no-results";
  const activeIndex = Math.min(
    Math.max(Number(options.activeIndex || 0), 0),
    Math.max(cards.length - 1, 0),
  );

  return {
    status,
    parsedQuery,
    refinements: queryRefinements(parsedQuery),
    resultCount: cards.length,
    activeDescendant: cards[activeIndex]?.id || "",
    ariaLiveMessage:
      status === "empty"
        ? "Type to search"
        : status === "loading" || status === "composing"
          ? "Loading search results"
          : status === "no-results"
            ? "No results"
            : cards.length + " results",
    cards,
  };
}
// Search module generated by ox-content
const searchOptions = {"enabled":true,"limit":10,"prefix":true,"fuzzy":false,"placeholder":"Search documentation...","hotkey":"/"};
const BM25_K1 = 1.2;
const BM25_B = 0.75;
const MIN_PREFIX_MATCH_LENGTH = 2;
const MIN_FUZZY_MATCH_LENGTH = 3;
const SNIPPET_CONTEXT_CHARS = 50;
const SNIPPET_MAX_CHARS = 150;
const SNIPPET_ELLIPSIS = "...";

let searchIndex = null;
let indexPromise = null;

function tokenizeQuery(text) {
  const tokens = [];
  let current = "";

  for (const char of text) {
    const isCjk = /[\\u4E00-\\u9FFF\\u3400-\\u4DBF\\u3040-\\u309F\\u30A0-\\u30FF\\uAC00-\\uD7AF]/.test(char);

    if (isCjk) {
      if (current) {
        tokens.push(current.toLowerCase());
        current = "";
      }
      tokens.push(char);
    } else if (/[a-zA-Z0-9_]/.test(char)) {
      current += char;
    } else if (current) {
      tokens.push(current.toLowerCase());
      current = "";
    }
  }

  if (current) {
    tokens.push(current.toLowerCase());
  }

  return tokens;
}

function computeIdf(df, docCount) {
  return Math.log((docCount - df + 0.5) / (df + 0.5) + 1.0);
}

function getFieldBoost(field) {
  switch (field) {
    case "Title":
      return 10.0;
    case "Heading":
      return 5.0;
    case "Body":
      return 1.0;
    case "Code":
      return 0.5;
    default:
      return 1.0;
  }
}

function tokensForValues(values) {
  const tokens = [];
  for (const value of values) {
    for (const token of tokenizeQuery(value)) pushUnique(tokens, token);
  }
  return tokens;
}

function fuzzyWeight(query, term) {
  if (query.length < MIN_FUZZY_MATCH_LENGTH || term.length < MIN_FUZZY_MATCH_LENGTH) return 0;
  const maxDistance = Math.max(query.length, term.length) >= 6 ? 2 : 1;
  if (Math.abs(query.length - term.length) > maxDistance) return 0;
  let previous = Array.from({ length: term.length + 1 }, (_, index) => index);
  for (let row = 1; row <= query.length; row++) {
    const current = [row];
    let rowMin = row;
    const queryCode = query.charCodeAt(row - 1);
    for (let column = 1; column <= term.length; column++) {
      const cost = queryCode === term.charCodeAt(column - 1) ? 0 : 1;
      const value = Math.min(
        previous[column] + 1,
        current[column - 1] + 1,
        previous[column - 1] + cost,
      );
      current[column] = value;
      if (value < rowMin) rowMin = value;
    }
    if (rowMin > maxDistance) return 0;
    previous = current;
  }
  const distance = previous[term.length];
  return distance === 1 ? 0.65 : distance === 2 ? 0.4 : 0;
}

async function loadIndex() {
  if (searchIndex) return searchIndex;
  if (indexPromise) return indexPromise;

  indexPromise = fetch("/docs/search-index.json")
    .then((res) => res.json())
    .then((data) => {
      searchIndex = data;
      return data;
    })
    .catch((err) => {
      console.error("[ox-content] Failed to load search index:", err);
      return null;
    });

  return indexPromise;
}

export async function search(query, options = {}) {
  const index = await loadIndex();

  if (!index) {
    return [];
  }

  const parsedQuery = parseSearchQuery(query);

  if (
    !parsedQuery.text &&
    parsedQuery.scopes.length === 0 &&
    parsedQuery.filters.length === 0 &&
    parsedQuery.prefixes.length === 0 &&
    parsedQuery.phrases.length === 0
  ) {
    return [];
  }

  const limit = options.limit ?? searchOptions.limit;
  const prefix = options.prefix ?? searchOptions.prefix;
  const fuzzy = options.fuzzy ?? searchOptions.fuzzy ?? false;
  const localeFilter = normalizeLocaleFilter(options, searchOptions, parsedQuery);
  const versionFilter = normalizeVersionFilter(options, searchOptions, parsedQuery);
  const termTokens = tokensForValues(parsedQuery.terms);
  const phraseTokens = tokensForValues(parsedQuery.phrases);

  const docScores = new Map();
  const hasScoringQuery =
    termTokens.length > 0 || phraseTokens.length > 0 || parsedQuery.prefixes.length > 0;

  if (!hasScoringQuery) {
    index.documents.forEach((doc, docIdx) => {
      if (matchesSearchConstraints(doc, parsedQuery, localeFilter, versionFilter)) {
        docScores.set(docIdx, {
          score: 0,
          matches: new Set(),
          fields: new Set(),
          reasons: new Set(),
        });
      }
    });
  }

  const scoreTerm = (term, weight = 1, kind = "term") => {
    const postings = index.index[term] || [];
    const df = index.df[term] || 1;
    const idf = computeIdf(df, index.doc_count);

    for (const posting of postings) {
      const doc = index.documents[posting.doc_idx];
      if (!doc) continue;
      if (!matchesSearchConstraints(doc, parsedQuery, localeFilter, versionFilter)) continue;

      const docLen = doc.body.length;
      const tf = posting.tf;
      const boost = getFieldBoost(posting.field);
      const score =
        idf *
        ((tf * (BM25_K1 + 1.0)) /
          (tf + BM25_K1 * (1.0 - BM25_B + (BM25_B * docLen) / index.avg_dl))) *
        boost *
        weight;

      // One Map lookup in the steady state: this runs once per posting per
      // term on every query, so skip the has + get pair.
      let entry = docScores.get(posting.doc_idx);
      if (entry === undefined) {
        entry = { score: 0, matches: new Set(), fields: new Set(), reasons: new Set() };
        docScores.set(posting.doc_idx, entry);
      }
      entry.score += score;
      addCandidateMatch(entry, term, posting.field, kind);
    }
  };

  for (let i = 0; i < termTokens.length; i++) {
    const token = termTokens[i];
    const isLast = i === termTokens.length - 1;

    if (prefix && isLast && token.length >= MIN_PREFIX_MATCH_LENGTH) {
      // Only the active final token expands across the vocabulary. Completed
      // tokens score exact postings, keeping multi-word queries from
      // multiplying prefix scan cost by token count.
      for (const term in index.index) if (term.startsWith(token)) scoreTerm(term, 1, "prefix");
    } else if (index.index[token]) {
      scoreTerm(token, 1, "term");
    }

    if (fuzzy) {
      for (const term in index.index) {
        if (term === token || (prefix && isLast && term.startsWith(token))) continue;
        const weight = fuzzyWeight(token, term);
        if (weight > 0) scoreTerm(term, weight, "fuzzy");
      }
    }
  }

  for (const token of phraseTokens) {
    if (index.index[token]) scoreTerm(token, 1, "term");
    if (fuzzy) {
      for (const term in index.index) {
        if (term === token) continue;
        const weight = fuzzyWeight(token, term);
        if (weight > 0) scoreTerm(term, weight, "fuzzy");
      }
    }
  }

  for (const prefixRoot of parsedQuery.prefixes) {
    if (prefixRoot.length < MIN_PREFIX_MATCH_LENGTH) continue;
    for (const term in index.index) if (term.startsWith(prefixRoot)) scoreTerm(term, 1, "prefix");
  }

  for (const phrase of parsedQuery.phrases) {
    addPhraseScore(index, docScores, parsedQuery, localeFilter, versionFilter, phrase);
  }

  const results = Array.from(docScores.entries())
    .sort(([leftDocIdx, leftData], [rightDocIdx, rightData]) => {
      const scoreOrder = rightData.score - leftData.score;
      if (scoreOrder !== 0) return scoreOrder;

      const leftDoc = index.documents[leftDocIdx];
      const rightDoc = index.documents[rightDocIdx];
      return (leftDoc?.title || "").localeCompare(rightDoc?.title || "");
    })
    .slice(0, limit)
    .map(([docIdx, data]) => {
      // Snippets require lowercasing and scanning the document body, so they
      // are built only after ranking and limiting rather than for every scored
      // candidate.
      const doc = index.documents[docIdx];
      const matches = Array.from(data.matches);

      let snippet = "";
      if (doc.body) {
        const bodyLower = doc.body.toLowerCase();
        let firstPos = -1;
        for (const match of matches) {
          const pos = bodyLower.indexOf(match);
          if (pos !== -1 && (firstPos === -1 || pos < firstPos)) {
            firstPos = pos;
          }
        }

        const start = firstPos === -1 ? 0 : Math.max(0, firstPos - SNIPPET_CONTEXT_CHARS);
        const end = Math.min(doc.body.length, start + SNIPPET_MAX_CHARS);
        snippet = doc.body.slice(start, end);
        if (start > 0) snippet = SNIPPET_ELLIPSIS + snippet;
        if (end < doc.body.length) snippet = snippet + SNIPPET_ELLIPSIS;
      }

      const metadata = resultMetadata(doc, parsedQuery, localeFilter, versionFilter, matches);
      const ranking = resultRanking(data.score, data, parsedQuery);
      const result = {
        id: doc.id,
        title: doc.title,
        url: doc.url,
        score: data.score,
        matches,
        snippet,
        scopes: metadata.scopes,
        metadata,
        ranking,
      };
      result.ariaLabel = resultAriaLabel(result);
      return result;
    });

  return results;
}

export { searchOptions };
export default {
  search,
  searchOptions,
  loadIndex,
  parseSearchQuery,
  createSearchUiState,
  formatSearchResultForCard,
};"
`;
